// Jest Snapshot v1, https://goo.gl/fbAQLP

exports[`Button Component Button matches the snapshot 1`] = `
<div>
  <button
    className="efile-btn btn"
    onClick={[MockFunction]}
    type="button"
  >
    button label
  </button>
</div>
`;
